bringest: loaded 5 var(s) from .env
bringest: polling https://replay.bartools.workers.dev every 10s for pending jobs
/tmp/bringest-2804887543/4cec816aea3050ef8e7614efa505a68d.brepstream: demo metadata: map "Supreme Isthmus v2.1", game "Beyond All Reason test-30922-8064a43", engine 2026.07.04, 23 players, 237 comms
/tmp/bringest-2804887543/4cec816aea3050ef8e7614efa505a68d.brepstream (45.5 MB) -> /tmp/bringest-2804887543/4cec816aea3050ef8e7614efa505a68d.brp (9.60 MB, 5x smaller): 1936 frames, 48082 events, 237 comms
uploading "4cec816aea3050ef8e7614efa505a68d-9f1099d1" to https://9a1829e6502587e153ffa45b76de7ed3.r2.cloudflarestorage.com/barreplay-replays (native S3, 16 in flight)
  put replays/4cec816aea3050ef8e7614efa505a68d-9f1099d1/c1
  put replays/4cec816aea3050ef8e7614efa505a68d-9f1099d1/c13
  put replays/4cec816aea3050ef8e7614efa505a68d-9f1099d1/c12
  put replays/4cec816aea3050ef8e7614efa505a68d-9f1099d1/c19
  put replays/4cec816aea3050ef8e7614efa505a68d-9f1099d1/c11
  put replays/4cec816aea3050ef8e7614efa505a68d-9f1099d1/c21
  put replays/4cec816aea3050ef8e7614efa505a68d-9f1099d1/c20
  put replays/4cec816aea3050ef8e7614efa505a68d-9f1099d1/c14
  put replays/4cec816aea3050ef8e7614efa505a68d-9f1099d1/c2
  put replays/4cec816aea3050ef8e7614efa505a68d-9f1099d1/c10
  put replays/4cec816aea3050ef8e7614efa505a68d-9f1099d1/c16
  put replays/4cec816aea3050ef8e7614efa505a68d-9f1099d1/c0
  put replays/4cec816aea3050ef8e7614efa505a68d-9f1099d1/c18
  put replays/4cec816aea3050ef8e7614efa505a68d-9f1099d1/c17
  put replays/4cec816aea3050ef8e7614efa505a68d-9f1099d1/c15
  put replays/4cec816aea3050ef8e7614efa505a68d-9f1099d1/c22
  put replays/4cec816aea3050ef8e7614efa505a68d-9f1099d1/c23
  put replays/4cec816aea3050ef8e7614efa505a68d-9f1099d1/c24
  put replays/4cec816aea3050ef8e7614efa505a68d-9f1099d1/c28
  put replays/4cec816aea3050ef8e7614efa505a68d-9f1099d1/c3
  put replays/4cec816aea3050ef8e7614efa505a68d-9f1099d1/c5
  put replays/4cec816aea3050ef8e7614efa505a68d-9f1099d1/c30
  put replays/4cec816aea3050ef8e7614efa505a68d-9f1099d1/c25
  put replays/4cec816aea3050ef8e7614efa505a68d-9f1099d1/c6
  put replays/4cec816aea3050ef8e7614efa505a68d-9f1099d1/c27
  put replays/4cec816aea3050ef8e7614efa505a68d-9f1099d1/c7
  put replays/4cec816aea3050ef8e7614efa505a68d-9f1099d1/c29
  put replays/4cec816aea3050ef8e7614efa505a68d-9f1099d1/c4
  put replays/4cec816aea3050ef8e7614efa505a68d-9f1099d1/c8
  put replays/4cec816aea3050ef8e7614efa505a68d-9f1099d1/c26
  put replays/4cec816aea3050ef8e7614efa505a68d-9f1099d1/c9
  put replays/4cec816aea3050ef8e7614efa505a68d-9f1099d1.keys
  put replays/4cec816aea3050ef8e7614efa505a68d-9f1099d1.resources
  put replays/4cec816aea3050ef8e7614efa505a68d-9f1099d1.brw
4cec816aea3050ef8e7614efa505a68d: registered in the replay catalog at https://replay.bartools.workers.dev
bringest: job 9b16d33b-1d59-47de-b3d8-0928388a7f86 (4cec816aea3050ef8e7614efa505a68d): published
